// 重构日志: 6c8e4c8a
// 重构日志: 4a513500
// 重构日志: 652616dd
// 重构日志: e1c95290
// 同步 ID: 734a45da @ Fri Jul 17 15:15:34 UTC 2026
// 重构日志: efec23ee
// 同步 ID: 41c37874 @ Sat Jul 18 10:41:18 UTC 2026
// 同步 ID: 3851f833 @ Sat Jul 18 12:25:25 UTC 2026
// 同步 ID: 8e73b620 @ Sat Jul 18 13:12:07 UTC 2026
// 同步 ID: 50f37eaf @ Sat Jul 18 16:20:06 UTC 2026
// 同步 ID: 9e117922 @ Sun Jul 19 12:41:47 UTC 2026
// 同步 ID: c3aae623 @ Sun Jul 19 14:17:44 UTC 2026
// 同步 ID: 0851c7b9 @ Sun Jul 19 17:20:06 UTC 2026
// 同步 ID: d577f756 @ Mon Jul 20 01:46:14 UTC 2026
// 重构日志: 3e2642af
// 重构日志: 6862cb8d
// 重构日志: fd7e1e74
// 同步 ID: 7b1567ff @ Tue Jul 21 13:48:44 UTC 2026
// 重构日志: 96aef8f8
// 重构日志: e8479f15
// 同步 ID: 98da29e3 @ Thu Jul 23 21:48:01 UTC 2026
// 重构日志: 26a4f13c
// 重构日志: fcd11be3
// 重构日志: a92ac861
// 重构日志: 0cfa9054
// 重构日志: ba107d84
// 同步 ID: fb5924fa @ Sat Jul 25 18:29:00 UTC 2026
// 重构日志: 30323709
// 重构日志: 5e151121
// 同步 ID: c7fa9597 @ Sun Jul 26 12:36:41 UTC 2026
